PASS: 10 complete profiles, legal option values, both translations
PASS: 10 saved presets exactly match Iris profiles; every profile has both descriptions
PASS: Iris clear-color directives use four explicit literal components
PASS: static sky-cache dimensions match Iris buffer allocation
GPU: NVIDIA GeForce RTX 3080 Ti/PCIe/SSE2
PASS: GPU real water underside remains continuous across fluid lightmap tiles
PASS: GPU shoreline reflections reject submerged geometry above water
PASS: GPU rough water reflections filter high-contrast sky/foliage edges
PASS: GPU water top normals match across fluid triangles; waterfall normals preserved
PASS: GPU actual water normals stay anchored during a camera jump at fixed wave time
PASS: GPU actual grazing water optics retain curved rays and mask hidden facets
PASS: GPU jumping preserves water pixels while opaque camera motion blur remains active
PASS: GPU water optics ignore incompatible TAA history while opaque history stays active
PASS: GPU gbuffers_water vertices remain fixed through jumps, camera bob and section crossings
PASS: GPU dh_water vertices remain fixed through jumps, camera bob and section crossings
PASS: GPU perspective water remains continuous over small camera steps at shoreline/jump heights, dry/rainy
PASS: GPU primary-ray SSR misses match filtered environment fallback
PASS: GPU real water underside remains continuous across fluid lightmap tiles
PASS: GPU shoreline reflections reject submerged geometry above water
PASS: GPU rough water reflections filter high-contrast sky/foliage edges
PASS: GPU water top normals match across fluid triangles; waterfall normals preserved
PASS: GPU actual water normals stay anchored during a camera jump at fixed wave time
PASS: GPU actual grazing water optics retain curved rays and mask hidden facets
PASS: GPU jumping preserves water pixels while opaque camera motion blur remains active
PASS: GPU water optics ignore incompatible TAA history while opaque history stays active
PASS: GPU gbuffers_water vertices remain fixed through jumps, camera bob and section crossings
PASS: GPU dh_water vertices remain fixed through jumps, camera bob and section crossings
PASS: GPU perspective water remains continuous over small camera steps at shoreline/jump heights, dry/rainy
PASS: GPU primary-ray SSR misses match filtered environment fallback
PASS: 34 before/after GPU renders; maximum absolute delta 0.12099951
INFO: mean absolute channel delta 0.00001943
INFO: visual differences reported without an equivalence assertion (approved quality tradeoff)
PASS: GPU resolved contact shadows unchanged; subpixel rays culled; 4K restores resolved detail
